// Jest Snapshot v1, https://goo.gl/fbAQLP

exports[`App component should render App component 1`] = `
<div
  className="wrapper"
>
  <h1>
    App
  </h1>
</div>
`;
